```
(pytorch) root@user-adas:~/felix/framework_benchmark/horovod# horovodrun -np 4 -H localhost:4 python pytorch_mnist.py
[1,0]<stdout>:user-adas:17883:17909 [0] NCCL INFO NET/Socket : Using [0]enp129s0f0:172.16.20.13<0>
[1,0]<stdout>:user-adas:17883:17909 [0] NCCL INFO NET/Plugin : No plugin found (libnccl-net.so).
[1,0]<stdout>:user-adas:17883:17909 [0] NCCL INFO NET/IB : No device found.
[1,0]<stdout>:NCCL version 2.4.2+cuda10.1
[1,1]<stdout>:user-adas:17884:17903 [1] NCCL INFO NET/Socket : Using [0]enp129s0f0:172.16.20.13<0>
[1,2]<stdout>:user-adas:17885:17902 [2] NCCL INFO NET/Socket : Using [0]enp129s0f0:172.16.20.13<0>
[1,3]<stdout>:user-adas:17886:17912 [3] NCCL INFO NET/Socket : Using [0]enp129s0f0:172.16.20.13<0>
[1,2]<stdout>:user-adas:17885:17902 [2] NCCL INFO NET/Plugin : No plugin found (libnccl-net.so).
[1,3]<stdout>:user-adas:17886:17912 [3] NCCL INFO NET/Plugin : No plugin found (libnccl-net.so).
[1,1]<stdout>:user-adas:17884:17903 [1] NCCL INFO NET/Plugin : No plugin found (libnccl-net.so).
[1,3]<stdout>:user-adas:17886:17912 [3] NCCL INFO NET/IB : No device found.
[1,2]<stdout>:user-adas:17885:17902 [2] NCCL INFO NET/IB : No device found.
[1,1]<stdout>:user-adas:17884:17903 [1] NCCL INFO NET/IB : No device found.
[1,0]<stdout>:user-adas:17883:17909 [0] NCCL INFO Setting affinity for GPU 0 to 0f,ff000fff
[1,0]<stdout>:user-adas:17883:17909 [0] NCCL INFO comm 0x7f7e58231010 rank 0 nranks 4 cudaDev 0 nvmlDev 0
[1,3]<stdout>:user-adas:17886:17912 [3] NCCL INFO Setting affinity for GPU 3 to 0f,ff000fff
[1,3]<stdout>:user-adas:17886:17912 [3] NCCL INFO comm 0x7facf4222150 rank 3 nranks 4 cudaDev 3 nvmlDev 3
[1,2]<stdout>:user-adas:17885:17902 [2] NCCL INFO Setting affinity for GPU 2 to 0f,ff000fff
[1,2]<stdout>:user-adas:17885:17902 [2] NCCL INFO comm 0x7f9e482226c0 rank 2 nranks 4 cudaDev 2 nvmlDev 2
[1,1]<stdout>:user-adas:17884:17903 [1] NCCL INFO Setting affinity for GPU 1 to 0f,ff000fff
[1,1]<stdout>:user-adas:17884:17903 [1] NCCL INFO comm 0x7f5498222140 rank 1 nranks 4 cudaDev 1 nvmlDev 1
[1,0]<stdout>:user-adas:17883:17909 [0] NCCL INFO Channel 00 :    0   1   2   3
[1,0]<stdout>:user-adas:17883:17909 [0] NCCL INFO Ring 00 : 0[0] -> 1[1] via direct shared memory
[1,3]<stdout>:user-adas:17886:17912 [3] NCCL INFO Ring 00 : 3[3] -> 0[0] via direct shared memory
[1,1]<stdout>:user-adas:17884:17903 [1] NCCL INFO Ring 00 : 1[1] -> 2[2] via direct shared memory
[1,2]<stdout>:user-adas:17885:17902 [2] NCCL INFO Ring 00 : 2[2] -> 3[3] via direct shared memory
[1,0]<stdout>:user-adas:17883:17909 [0] NCCL INFO Using 256 threads, Min Comp Cap 7, Trees disabled
[1,0]<stdout>:user-adas:17883:17909 [0] NCCL INFO comm 0x7f7e58231010 rank 0 nranks 4 cudaDev 0 nvmlDev 0 - Init COMPLETE
[1,3]<stdout>:user-adas:17886:17912 [3] NCCL INFO comm 0x7facf4222150 rank 3 nranks 4 cudaDev 3 nvmlDev 3 - Init COMPLETE
[1,2]<stdout>:user-adas:17885:17902 [2] NCCL INFO comm 0x7f9e482226c0 rank 2 nranks 4 cudaDev 2 nvmlDev 2 - Init COMPLETE
[1,1]<stdout>:user-adas:17884:17903 [1] NCCL INFO comm 0x7f5498222140 rank 1 nranks 4 cudaDev 1 nvmlDev 1 - Init COMPLETE
[1,0]<stdout>:user-adas:17883:17909 [0] NCCL INFO Launch mode Parallel
[1,0]<stdout>:Train Epoch: 1 [0/15000 (0%)]	Loss: 2.314807
[1,1]<stdout>:Train Epoch: 1 [0/15000 (0%)]	Loss: 2.282891
[1,3]<stdout>:Train Epoch: 1 [0/15000 (0%)]	Loss: 2.343896
[1,2]<stdout>:Train Epoch: 1 [0/15000 (0%)]	Loss: 2.354530
[1,0]<stdout>:Train Epoch: 1 [640/15000 (4%)]	Loss: 2.296558
[1,3]<stdout>:Train Epoch: 1 [640/15000 (4%)]	Loss: 2.285482
[1,1]<stdout>:Train Epoch: 1 [640/15000 (4%)]	Loss: 2.297954
[1,2]<stdout>:Train Epoch: 1 [640/15000 (4%)]	Loss: 2.308640
[1,0]<stdout>:Train Epoch: 1 [1280/15000 (9%)]	Loss: 2.246633
[1,3]<stdout>:Train Epoch: 1 [1280/15000 (9%)]	Loss: 2.219677
[1,2]<stdout>:Train Epoch: 1 [1280/15000 (9%)]	Loss: 2.269014
[1,1]<stdout>:Train Epoch: 1 [1280/15000 (9%)]	Loss: 2.240383
[1,0]<stdout>:Train Epoch: 1 [1920/15000 (13%)]	Loss: 2.186165
[1,2]<stdout>:Train Epoch: 1 [1920/15000 (13%)]	Loss: 2.192186
[1,1]<stdout>:Train Epoch: 1 [1920/15000 (13%)]	Loss: 2.203883
[1,3]<stdout>:Train Epoch: 1 [1920/15000 (13%)]	Loss: 2.202856
[1,2]<stdout>:Train Epoch: 1 [2560/15000 (17%)]	Loss: 2.026004
[1,3]<stdout>:Train Epoch: 1 [2560/15000 (17%)]	Loss: 1.991346
[1,0]<stdout>:Train Epoch: 1 [2560/15000 (17%)]	Loss: 1.974450
[1,1]<stdout>:Train Epoch: 1 [2560/15000 (17%)]	Loss: 1.965542
[1,3]<stdout>:Train Epoch: 1 [3200/15000 (21%)]	Loss: 1.712661
[1,2]<stdout>:Train Epoch: 1 [3200/15000 (21%)]	Loss: 1.633224
[1,1]<stdout>:Train Epoch: 1 [3200/15000 (21%)]	Loss: 1.667596
[1,0]<stdout>:Train Epoch: 1 [3200/15000 (21%)]	Loss: 1.526837
[1,2]<stdout>:Train Epoch: 1 [3840/15000 (26%)]	Loss: 1.523576
[1,0]<stdout>:Train Epoch: 1 [3840/15000 (26%)]	Loss: 1.279041
[1,1]<stdout>:Train Epoch: 1 [3840/15000 (26%)]	Loss: 1.297581
[1,3]<stdout>:Train Epoch: 1 [3840/15000 (26%)]	Loss: 1.192416
[1,0]<stdout>:Train Epoch: 1 [4480/15000 (30%)]	Loss: 1.060925
[1,1]<stdout>:Train Epoch: 1 [4480/15000 (30%)]	Loss: 0.915542
[1,3]<stdout>:Train Epoch: 1 [4480/15000 (30%)]	Loss: 1.200139
[1,2]<stdout>:Train Epoch: 1 [4480/15000 (30%)]	Loss: 1.279786
[1,0]<stdout>:Train Epoch: 1 [5120/15000 (34%)]	Loss: 1.045268
[1,1]<stdout>:Train Epoch: 1 [5120/15000 (34%)]	Loss: 1.002292
[1,2]<stdout>:Train Epoch: 1 [5120/15000 (34%)]	Loss: 1.072702
[1,3]<stdout>:Train Epoch: 1 [5120/15000 (34%)]	Loss: 0.938817
[1,0]<stdout>:Train Epoch: 1 [5760/15000 (38%)]	Loss: 0.875774
[1,1]<stdout>:Train Epoch: 1 [5760/15000 (38%)]	Loss: 0.869319
[1,2]<stdout>:Train Epoch: 1 [5760/15000 (38%)]	Loss: 0.797092
[1,3]<stdout>:Train Epoch: 1 [5760/15000 (38%)]	Loss: 0.926541
[1,1]<stdout>:Train Epoch: 1 [6400/15000 (43%)]	Loss: 0.913942
[1,3]<stdout>:Train Epoch: 1 [6400/15000 (43%)]	Loss: 0.867883
[1,0]<stdout>:Train Epoch: 1 [6400/15000 (43%)]	Loss: 0.664570
[1,2]<stdout>:Train Epoch: 1 [6400/15000 (43%)]	Loss: 0.843558
[1,1]<stdout>:Train Epoch: 1 [7040/15000 (47%)]	Loss: 0.643928
[1,2]<stdout>:Train Epoch: 1 [7040/15000 (47%)]	Loss: 0.630208
[1,0]<stdout>:Train Epoch: 1 [7040/15000 (47%)]	Loss: 1.072164
[1,3]<stdout>:Train Epoch: 1 [7040/15000 (47%)]	Loss: 0.881791
[1,1]<stdout>:Train Epoch: 1 [7680/15000 (51%)]	Loss: 0.601003
[1,3]<stdout>:Train Epoch: 1 [7680/15000 (51%)]	Loss: 0.541214
[1,2]<stdout>:Train Epoch: 1 [7680/15000 (51%)]	Loss: 0.650858
[1,0]<stdout>:Train Epoch: 1 [7680/15000 (51%)]	Loss: 0.541766
[1,1]<stdout>:Train Epoch: 1 [8320/15000 (55%)]	Loss: 0.591441
[1,2]<stdout>:Train Epoch: 1 [8320/15000 (55%)]	Loss: 0.531469
[1,0]<stdout>:Train Epoch: 1 [8320/15000 (55%)]	Loss: 0.917984
[1,3]<stdout>:Train Epoch: 1 [8320/15000 (55%)]	Loss: 0.774704
[1,3]<stdout>:Train Epoch: 1 [8960/15000 (60%)]	Loss: 0.614612
[1,2]<stdout>:Train Epoch: 1 [8960/15000 (60%)]	Loss: 0.564207
[1,1]<stdout>:Train Epoch: 1 [8960/15000 (60%)]	Loss: 0.577720
[1,0]<stdout>:Train Epoch: 1 [8960/15000 (60%)]	Loss: 0.483059
[1,3]<stdout>:Train Epoch: 1 [9600/15000 (64%)]	Loss: 0.585348
[1,2]<stdout>:Train Epoch: 1 [9600/15000 (64%)]	Loss: 0.705354
[1,0]<stdout>:Train Epoch: 1 [9600/15000 (64%)]	Loss: 0.591194
[1,1]<stdout>:Train Epoch: 1 [9600/15000 (64%)]	Loss: 0.501274
[1,3]<stdout>:Train Epoch: 1 [10240/15000 (68%)]	Loss: 0.692476
[1,2]<stdout>:Train Epoch: 1 [10240/15000 (68%)]	Loss: 0.466150
[1,0]<stdout>:Train Epoch: 1 [10240/15000 (68%)]	Loss: 0.573070
[1,1]<stdout>:Train Epoch: 1 [10240/15000 (68%)]	Loss: 0.366817
[1,1]<stdout>:Train Epoch: 1 [10880/15000 (72%)]	Loss: 0.710953
[1,0]<stdout>:Train Epoch: 1 [10880/15000 (72%)]	Loss: 0.556605
[1,2]<stdout>:Train Epoch: 1 [10880/15000 (72%)]	Loss: 0.560165
[1,3]<stdout>:Train Epoch: 1 [10880/15000 (72%)]	Loss: 0.768695
[1,3]<stdout>:Train Epoch: 1 [11520/15000 (77%)]	Loss: 0.475163
[1,1]<stdout>:Train Epoch: 1 [11520/15000 (77%)]	Loss: 0.470488
[1,2]<stdout>:Train Epoch: 1 [11520/15000 (77%)]	Loss: 0.346202
[1,0]<stdout>:Train Epoch: 1 [11520/15000 (77%)]	Loss: 0.552700
[1,2]<stdout>:Train Epoch: 1 [12160/15000 (81%)]	Loss: 0.391156
[1,1]<stdout>:Train Epoch: 1 [12160/15000 (81%)]	Loss: 0.469451
[1,3]<stdout>:Train Epoch: 1 [12160/15000 (81%)]	Loss: 0.826647
[1,0]<stdout>:Train Epoch: 1 [12160/15000 (81%)]	Loss: 0.527477
[1,0]<stdout>:Train Epoch: 1 [12800/15000 (85%)]	Loss: 0.871913
[1,3]<stdout>:Train Epoch: 1 [12800/15000 (85%)]	Loss: 1.062383
[1,1]<stdout>:Train Epoch: 1 [12800/15000 (85%)]	Loss: 0.716590
[1,2]<stdout>:Train Epoch: 1 [12800/15000 (85%)]	Loss: 0.789026
[1,3]<stdout>:Train Epoch: 1 [13440/15000 (89%)]	Loss: 0.532405
[1,1]<stdout>:Train Epoch: 1 [13440/15000 (89%)]	Loss: 0.884104
[1,0]<stdout>:Train Epoch: 1 [13440/15000 (89%)]	Loss: 0.419477
[1,2]<stdout>:Train Epoch: 1 [13440/15000 (89%)]	Loss: 0.506581
[1,1]<stdout>:Train Epoch: 1 [14080/15000 (94%)]	Loss: 0.437909
[1,2]<stdout>:Train Epoch: 1 [14080/15000 (94%)]	Loss: 0.535671
[1,0]<stdout>:Train Epoch: 1 [14080/15000 (94%)]	Loss: 0.325912
[1,3]<stdout>:Train Epoch: 1 [14080/15000 (94%)]	Loss: 0.701465
[1,1]<stdout>:Train Epoch: 1 [14720/15000 (98%)]	Loss: 0.336977
[1,2]<stdout>:Train Epoch: 1 [14720/15000 (98%)]	Loss: 0.410205
[1,3]<stdout>:Train Epoch: 1 [14720/15000 (98%)]	Loss: 0.460743
[1,0]<stdout>:Train Epoch: 1 [14720/15000 (98%)]	Loss: 0.530377
[1,3]<stderr>:pytorch_mnist.py:95: UserWarning: Implicit dimension choice for log_softmax has been deprecated. Change the call to include dim=X as an argument.
[1,3]<stderr>:  return F.log_softmax(x)
[1,1]<stderr>:pytorch_mnist.py:95: UserWarning: Implicit dimension choice for log_softmax has been deprecated. Change the call to include dim=X as an argument.
[1,1]<stderr>:  return F.log_softmax(x)
[1,2]<stderr>:pytorch_mnist.py:95: UserWarning: Implicit dimension choice for log_softmax has been deprecated. Change the call to include dim=X as an argument.
[1,2]<stderr>:  return F.log_softmax(x)
[1,0]<stderr>:pytorch_mnist.py:95: UserWarning: Implicit dimension choice for log_softmax has been deprecated. Change the call to include dim=X as an argument.
[1,0]<stderr>:  return F.log_softmax(x)
[1,0]<stdout>:
[1,0]<stdout>:Test set: Average loss: 0.2154, Accuracy: 93.45%
[1,0]<stdout>:
[1,0]<stderr>:/root/anaconda3/envs/pytorch/lib/python3.6/site-packages/torch/nn/_reduction.py:49: UserWarning: size_average and reduce args will be deprecated, please use reduction='sum' instead.
[1,0]<stderr>:  warnings.warn(warning.format(ret))
[1,0]<stderr>:pytorch_mnist.py:142: UserWarning: To copy construct from a tensor, it is recommended to use sourceTensor.clone().detach() or sourceTensor.clone().detach().requires_grad_(True), rather than torch.tensor(sourceTensor).
[1,0]<stderr>:  tensor = torch.tensor(val)
[1,3]<stderr>:/root/anaconda3/envs/pytorch/lib/python3.6/site-packages/torch/nn/_reduction.py:49: UserWarning: size_average and reduce args will be deprecated, please use reduction='sum' instead.
[1,3]<stderr>:  warnings.warn(warning.format(ret))
[1,3]<stderr>:pytorch_mnist.py:142: UserWarning: To copy construct from a tensor, it is recommended to use sourceTensor.clone().detach() or sourceTensor.clone().detach().requires_grad_(True), rather than torch.tensor(sourceTensor).
[1,3]<stderr>:  tensor = torch.tensor(val)
[1,2]<stderr>:/root/anaconda3/envs/pytorch/lib/python3.6/site-packages/torch/nn/_reduction.py:49: UserWarning: size_average and reduce args will be deprecated, please use reduction='sum' instead.
[1,2]<stderr>:  warnings.warn(warning.format(ret))
[1,2]<stderr>:pytorch_mnist.py:142: UserWarning: To copy construct from a tensor, it is recommended to use sourceTensor.clone().detach() or sourceTensor.clone().detach().requires_grad_(True), rather than torch.tensor(sourceTensor).
[1,2]<stderr>:  tensor = torch.tensor(val)
[1,1]<stderr>:/root/anaconda3/envs/pytorch/lib/python3.6/site-packages/torch/nn/_reduction.py:49: UserWarning: size_average and reduce args will be deprecated, please use reduction='sum' instead.
[1,1]<stderr>:  warnings.warn(warning.format(ret))
[1,1]<stderr>:pytorch_mnist.py:142: UserWarning: To copy construct from a tensor, it is recommended to use sourceTensor.clone().detach() or sourceTensor.clone().detach().requires_grad_(True), rather than torch.tensor(sourceTensor).
[1,1]<stderr>:  tensor = torch.tensor(val)
[1,2]<stdout>:Train Epoch: 2 [0/15000 (0%)]	Loss: 0.623175
[1,0]<stdout>:Train Epoch: 2 [0/15000 (0%)]	Loss: 0.443322
[1,3]<stdout>:Train Epoch: 2 [0/15000 (0%)]	Loss: 0.461254
[1,1]<stdout>:Train Epoch: 2 [0/15000 (0%)]	Loss: 0.348518
[1,2]<stdout>:Train Epoch: 2 [640/15000 (4%)]	Loss: 0.572101
[1,3]<stdout>:Train Epoch: 2 [640/15000 (4%)]	Loss: 0.629556
[1,1]<stdout>:Train Epoch: 2 [640/15000 (4%)]	Loss: 0.530776
[1,0]<stdout>:Train Epoch: 2 [640/15000 (4%)]	Loss: 0.412740
[1,1]<stdout>:Train Epoch: 2 [1280/15000 (9%)]	Loss: 0.487813
[1,2]<stdout>:Train Epoch: 2 [1280/15000 (9%)]	Loss: 0.491987
[1,3]<stdout>:Train Epoch: 2 [1280/15000 (9%)]	Loss: 0.346612
[1,0]<stdout>:Train Epoch: 2 [1280/15000 (9%)]	Loss: 0.507545
[1,2]<stdout>:Train Epoch: 2 [1920/15000 (13%)]	Loss: 0.319270
[1,1]<stdout>:Train Epoch: 2 [1920/15000 (13%)]	Loss: 0.414225
[1,0]<stdout>:Train Epoch: 2 [1920/15000 (13%)]	Loss: 0.389035
[1,3]<stdout>:Train Epoch: 2 [1920/15000 (13%)]	Loss: 0.386262
[1,3]<stdout>:Train Epoch: 2 [2560/15000 (17%)]	Loss: 0.527830
[1,2]<stdout>:Train Epoch: 2 [2560/15000 (17%)]	Loss: 0.565778
[1,1]<stdout>:Train Epoch: 2 [2560/15000 (17%)]	Loss: 0.389917
[1,0]<stdout>:Train Epoch: 2 [2560/15000 (17%)]	Loss: 0.588344
[1,2]<stdout>:Train Epoch: 2 [3200/15000 (21%)]	Loss: 0.535694
[1,1]<stdout>:Train Epoch: 2 [3200/15000 (21%)]	Loss: 0.385258
[1,0]<stdout>:Train Epoch: 2 [3200/15000 (21%)]	Loss: 0.512044
[1,3]<stdout>:Train Epoch: 2 [3200/15000 (21%)]	Loss: 0.561312
[1,3]<stdout>:Train Epoch: 2 [3840/15000 (26%)]	Loss: 0.420578
[1,0]<stdout>:Train Epoch: 2 [3840/15000 (26%)]	Loss: 0.416132
[1,2]<stdout>:Train Epoch: 2 [3840/15000 (26%)]	Loss: 0.441210
[1,1]<stdout>:Train Epoch: 2 [3840/15000 (26%)]	Loss: 0.621370
[1,1]<stdout>:Train Epoch: 2 [4480/15000 (30%)]	Loss: 0.432207
[1,2]<stdout>:Train Epoch: 2 [4480/15000 (30%)]	Loss: 0.266471
[1,0]<stdout>:Train Epoch: 2 [4480/15000 (30%)]	Loss: 0.542826
[1,3]<stdout>:Train Epoch: 2 [4480/15000 (30%)]	Loss: 0.492655
[1,0]<stdout>:Train Epoch: 2 [5120/15000 (34%)]	Loss: 0.381570
[1,2]<stdout>:Train Epoch: 2 [5120/15000 (34%)]	Loss: 0.665513
[1,3]<stdout>:Train Epoch: 2 [5120/15000 (34%)]	Loss: 0.451930
[1,1]<stdout>:Train Epoch: 2 [5120/15000 (34%)]	Loss: 0.549810
[1,1]<stdout>:Train Epoch: 2 [5760/15000 (38%)]	Loss: 0.572449
[1,3]<stdout>:Train Epoch: 2 [5760/15000 (38%)]	Loss: 0.770763
[1,0]<stdout>:Train Epoch: 2 [5760/15000 (38%)]	Loss: 0.303471
[1,2]<stdout>:Train Epoch: 2 [5760/15000 (38%)]	Loss: 0.293287
[1,2]<stdout>:Train Epoch: 2 [6400/15000 (43%)]	Loss: 0.386063
[1,3]<stdout>:Train Epoch: 2 [6400/15000 (43%)]	Loss: 0.402690
[1,1]<stdout>:Train Epoch: 2 [6400/15000 (43%)]	Loss: 0.513049
[1,0]<stdout>:Train Epoch: 2 [6400/15000 (43%)]	Loss: 0.414708
[1,0]<stdout>:Train Epoch: 2 [7040/15000 (47%)]	Loss: 0.368380
[1,2]<stdout>:Train Epoch: 2 [7040/15000 (47%)]	Loss: 0.460219
[1,3]<stdout>:Train Epoch: 2 [7040/15000 (47%)]	Loss: 0.424601
[1,1]<stdout>:Train Epoch: 2 [7040/15000 (47%)]	Loss: 0.345073
[1,0]<stdout>:Train Epoch: 2 [7680/15000 (51%)]	Loss: 0.514500
[1,2]<stdout>:Train Epoch: 2 [7680/15000 (51%)]	Loss: 0.496068
[1,3]<stdout>:Train Epoch: 2 [7680/15000 (51%)]	Loss: 0.354660
[1,1]<stdout>:Train Epoch: 2 [7680/15000 (51%)]	Loss: 0.335099
[1,0]<stdout>:Train Epoch: 2 [8320/15000 (55%)]	Loss: 0.412541
[1,1]<stdout>:Train Epoch: 2 [8320/15000 (55%)]	Loss: 0.416950
[1,2]<stdout>:Train Epoch: 2 [8320/15000 (55%)]	Loss: 0.438011
[1,3]<stdout>:Train Epoch: 2 [8320/15000 (55%)]	Loss: 0.537632
[1,0]<stdout>:Train Epoch: 2 [8960/15000 (60%)]	Loss: 0.363180
[1,3]<stdout>:Train Epoch: 2 [8960/15000 (60%)]	Loss: 0.280649
[1,1]<stdout>:Train Epoch: 2 [8960/15000 (60%)]	Loss: 0.247649
[1,2]<stdout>:Train Epoch: 2 [8960/15000 (60%)]	Loss: 0.345512
[1,2]<stdout>:Train Epoch: 2 [9600/15000 (64%)]	Loss: 0.349999
[1,3]<stdout>:Train Epoch: 2 [9600/15000 (64%)]	Loss: 0.375307
[1,0]<stdout>:Train Epoch: 2 [9600/15000 (64%)]	Loss: 0.473041
[1,1]<stdout>:Train Epoch: 2 [9600/15000 (64%)]	Loss: 0.322423
[1,3]<stdout>:Train Epoch: 2 [10240/15000 (68%)]	Loss: 0.365569
[1,2]<stdout>:Train Epoch: 2 [10240/15000 (68%)]	Loss: 0.411794
[1,1]<stdout>:Train Epoch: 2 [10240/15000 (68%)]	Loss: 0.433151
[1,0]<stdout>:Train Epoch: 2 [10240/15000 (68%)]	Loss: 0.444288
[1,0]<stdout>:Train Epoch: 2 [10880/15000 (72%)]	Loss: 0.493647
[1,2]<stdout>:Train Epoch: 2 [10880/15000 (72%)]	Loss: 0.390711
[1,1]<stdout>:Train Epoch: 2 [10880/15000 (72%)]	Loss: 0.435184
[1,3]<stdout>:Train Epoch: 2 [10880/15000 (72%)]	Loss: 0.217737
[1,1]<stdout>:Train Epoch: 2 [11520/15000 (77%)]	Loss: 0.325898
[1,3]<stdout>:Train Epoch: 2 [11520/15000 (77%)]	Loss: 0.480535
[1,0]<stdout>:Train Epoch: 2 [11520/15000 (77%)]	Loss: 0.264982
[1,2]<stdout>:Train Epoch: 2 [11520/15000 (77%)]	Loss: 0.368638
[1,3]<stdout>:Train Epoch: 2 [12160/15000 (81%)]	Loss: 0.298293
[1,1]<stdout>:Train Epoch: 2 [12160/15000 (81%)]	Loss: 0.564112
[1,2]<stdout>:Train Epoch: 2 [12160/15000 (81%)]	Loss: 0.568394
[1,0]<stdout>:Train Epoch: 2 [12160/15000 (81%)]	Loss: 0.307590
[1,2]<stdout>:Train Epoch: 2 [12800/15000 (85%)]	Loss: 0.383106
[1,3]<stdout>:Train Epoch: 2 [12800/15000 (85%)]	Loss: 0.357117
[1,0]<stdout>:Train Epoch: 2 [12800/15000 (85%)]	Loss: 0.408510
[1,1]<stdout>:Train Epoch: 2 [12800/15000 (85%)]	Loss: 0.406581
[1,3]<stdout>:Train Epoch: 2 [13440/15000 (89%)]	Loss: 0.353253
[1,2]<stdout>:Train Epoch: 2 [13440/15000 (89%)]	Loss: 0.210720
[1,0]<stdout>:Train Epoch: 2 [13440/15000 (89%)]	Loss: 0.414862
[1,1]<stdout>:Train Epoch: 2 [13440/15000 (89%)]	Loss: 0.496630
[1,2]<stdout>:Train Epoch: 2 [14080/15000 (94%)]	Loss: 0.286531
[1,1]<stdout>:Train Epoch: 2 [14080/15000 (94%)]	Loss: 0.403857
[1,3]<stdout>:Train Epoch: 2 [14080/15000 (94%)]	Loss: 0.356312
[1,0]<stdout>:Train Epoch: 2 [14080/15000 (94%)]	Loss: 0.312782
[1,3]<stdout>:Train Epoch: 2 [14720/15000 (98%)]	Loss: 0.297053
[1,2]<stdout>:Train Epoch: 2 [14720/15000 (98%)]	Loss: 0.444584
[1,0]<stdout>:Train Epoch: 2 [14720/15000 (98%)]	Loss: 0.421326
[1,1]<stdout>:Train Epoch: 2 [14720/15000 (98%)]	Loss: 0.194922
[1,0]<stdout>:
[1,0]<stdout>:Test set: Average loss: 0.1378, Accuracy: 95.77%
[1,0]<stdout>:
[1,3]<stdout>:Train Epoch: 3 [0/15000 (0%)]	Loss: 0.334698
[1,2]<stdout>:Train Epoch: 3 [0/15000 (0%)]	Loss: 0.227083
[1,0]<stdout>:Train Epoch: 3 [0/15000 (0%)]	Loss: 0.386576
[1,1]<stdout>:Train Epoch: 3 [0/15000 (0%)]	Loss: 0.432295
[1,3]<stdout>:Train Epoch: 3 [640/15000 (4%)]	Loss: 0.326156
[1,0]<stdout>:Train Epoch: 3 [640/15000 (4%)]	Loss: 0.353395
[1,1]<stdout>:Train Epoch: 3 [640/15000 (4%)]	Loss: 0.155409
[1,2]<stdout>:Train Epoch: 3 [640/15000 (4%)]	Loss: 0.191998
[1,2]<stdout>:Train Epoch: 3 [1280/15000 (9%)]	Loss: 0.254121
[1,3]<stdout>:Train Epoch: 3 [1280/15000 (9%)]	Loss: 0.351308
[1,1]<stdout>:Train Epoch: 3 [1280/15000 (9%)]	Loss: 0.400737
[1,0]<stdout>:Train Epoch: 3 [1280/15000 (9%)]	Loss: 0.337386
[1,0]<stdout>:Train Epoch: 3 [1920/15000 (13%)]	Loss: 0.386966
[1,1]<stdout>:Train Epoch: 3 [1920/15000 (13%)]	Loss: 0.271337
[1,3]<stdout>:Train Epoch: 3 [1920/15000 (13%)]	Loss: 0.299670
[1,2]<stdout>:Train Epoch: 3 [1920/15000 (13%)]	Loss: 0.224962
[1,1]<stdout>:Train Epoch: 3 [2560/15000 (17%)]	Loss: 0.356989
[1,0]<stdout>:Train Epoch: 3 [2560/15000 (17%)]	Loss: 0.409403
[1,2]<stdout>:Train Epoch: 3 [2560/15000 (17%)]	Loss: 0.398206
[1,3]<stdout>:Train Epoch: 3 [2560/15000 (17%)]	Loss: 0.550121
[1,3]<stdout>:Train Epoch: 3 [3200/15000 (21%)]	Loss: 0.229943
[1,2]<stdout>:Train Epoch: 3 [3200/15000 (21%)]	Loss: 0.446935
[1,1]<stdout>:Train Epoch: 3 [3200/15000 (21%)]	Loss: 0.441838
[1,0]<stdout>:Train Epoch: 3 [3200/15000 (21%)]	Loss: 0.208218
[1,3]<stdout>:Train Epoch: 3 [3840/15000 (26%)]	Loss: 0.222349
[1,0]<stdout>:Train Epoch: 3 [3840/15000 (26%)]	Loss: 0.234434
[1,1]<stdout>:Train Epoch: 3 [3840/15000 (26%)]	Loss: 0.432735
[1,2]<stdout>:Train Epoch: 3 [3840/15000 (26%)]	Loss: 0.435742
[1,3]<stdout>:Train Epoch: 3 [4480/15000 (30%)]	Loss: 0.315457
[1,0]<stdout>:Train Epoch: 3 [4480/15000 (30%)]	Loss: 0.321132
[1,2]<stdout>:Train Epoch: 3 [4480/15000 (30%)]	Loss: 0.429174
[1,1]<stdout>:Train Epoch: 3 [4480/15000 (30%)]	Loss: 0.411901
[1,0]<stdout>:Train Epoch: 3 [5120/15000 (34%)]	Loss: 0.336044
[1,2]<stdout>:Train Epoch: 3 [5120/15000 (34%)]	Loss: 0.273090
[1,3]<stdout>:Train Epoch: 3 [5120/15000 (34%)]	Loss: 0.487019
[1,1]<stdout>:Train Epoch: 3 [5120/15000 (34%)]	Loss: 0.218844
[1,3]<stdout>:Train Epoch: 3 [5760/15000 (38%)]	Loss: 0.286455
[1,0]<stdout>:Train Epoch: 3 [5760/15000 (38%)]	Loss: 0.277519
[1,2]<stdout>:Train Epoch: 3 [5760/15000 (38%)]	Loss: 0.284788
[1,1]<stdout>:Train Epoch: 3 [5760/15000 (38%)]	Loss: 0.268810
[1,3]<stdout>:Train Epoch: 3 [6400/15000 (43%)]	Loss: 0.324550
[1,2]<stdout>:Train Epoch: 3 [6400/15000 (43%)]	Loss: 0.195162
[1,1]<stdout>:Train Epoch: 3 [6400/15000 (43%)]	Loss: 0.460714
[1,0]<stdout>:Train Epoch: 3 [6400/15000 (43%)]	Loss: 0.375469
[1,1]<stdout>:Train Epoch: 3 [7040/15000 (47%)]	Loss: 0.323486
[1,0]<stdout>:Train Epoch: 3 [7040/15000 (47%)]	Loss: 0.333725
[1,3]<stdout>:Train Epoch: 3 [7040/15000 (47%)]	Loss: 0.423328
[1,2]<stdout>:Train Epoch: 3 [7040/15000 (47%)]	Loss: 0.411531
[1,2]<stdout>:Train Epoch: 3 [7680/15000 (51%)]	Loss: 0.174108
[1,3]<stdout>:Train Epoch: 3 [7680/15000 (51%)]	Loss: 0.357227
[1,0]<stdout>:Train Epoch: 3 [7680/15000 (51%)]	Loss: 0.242731
[1,1]<stdout>:Train Epoch: 3 [7680/15000 (51%)]	Loss: 0.366150
[1,1]<stdout>:Train Epoch: 3 [8320/15000 (55%)]	Loss: 0.237984
[1,3]<stdout>:Train Epoch: 3 [8320/15000 (55%)]	Loss: 0.239535
[1,2]<stdout>:Train Epoch: 3 [8320/15000 (55%)]	Loss: 0.400950
[1,0]<stdout>:Train Epoch: 3 [8320/15000 (55%)]	Loss: 0.207415
[1,3]<stdout>:Train Epoch: 3 [8960/15000 (60%)]	Loss: 0.369331
[1,0]<stdout>:Train Epoch: 3 [8960/15000 (60%)]	Loss: 0.464206
[1,2]<stdout>:Train Epoch: 3 [8960/15000 (60%)]	Loss: 0.510800
[1,1]<stdout>:Train Epoch: 3 [8960/15000 (60%)]	Loss: 0.503767
[1,2]<stdout>:Train Epoch: 3 [9600/15000 (64%)]	Loss: 0.184767
[1,1]<stdout>:Train Epoch: 3 [9600/15000 (64%)]	Loss: 0.579379
[1,0]<stdout>:Train Epoch: 3 [9600/15000 (64%)]	Loss: 0.255884
[1,3]<stdout>:Train Epoch: 3 [9600/15000 (64%)]	Loss: 0.207747
[1,0]<stdout>:Train Epoch: 3 [10240/15000 (68%)]	Loss: 0.394159
[1,1]<stdout>:Train Epoch: 3 [10240/15000 (68%)]	Loss: 0.427924
[1,2]<stdout>:Train Epoch: 3 [10240/15000 (68%)]	Loss: 0.516893
[1,3]<stdout>:Train Epoch: 3 [10240/15000 (68%)]	Loss: 0.288559
[1,3]<stdout>:Train Epoch: 3 [10880/15000 (72%)]	Loss: 0.175034
[1,0]<stdout>:Train Epoch: 3 [10880/15000 (72%)]	Loss: 0.365530
[1,1]<stdout>:Train Epoch: 3 [10880/15000 (72%)]	Loss: 0.268818
[1,2]<stdout>:Train Epoch: 3 [10880/15000 (72%)]	Loss: 0.412421
[1,0]<stdout>:Train Epoch: 3 [11520/15000 (77%)]	Loss: 0.212068
[1,3]<stdout>:Train Epoch: 3 [11520/15000 (77%)]	Loss: 0.426663
[1,1]<stdout>:Train Epoch: 3 [11520/15000 (77%)]	Loss: 0.225659
[1,2]<stdout>:Train Epoch: 3 [11520/15000 (77%)]	Loss: 0.242307
[1,3]<stdout>:Train Epoch: 3 [12160/15000 (81%)]	Loss: 0.388592
[1,0]<stdout>:Train Epoch: 3 [12160/15000 (81%)]	Loss: 0.213965
[1,2]<stdout>:Train Epoch: 3 [12160/15000 (81%)]	Loss: 0.330916
[1,1]<stdout>:Train Epoch: 3 [12160/15000 (81%)]	Loss: 0.224889
[1,0]<stdout>:Train Epoch: 3 [12800/15000 (85%)]	Loss: 0.209215
[1,3]<stdout>:Train Epoch: 3 [12800/15000 (85%)]	Loss: 0.295780
[1,1]<stdout>:Train Epoch: 3 [12800/15000 (85%)]	Loss: 0.339840
[1,2]<stdout>:Train Epoch: 3 [12800/15000 (85%)]	Loss: 0.190708
[1,3]<stdout>:Train Epoch: 3 [13440/15000 (89%)]	Loss: 0.481054
[1,1]<stdout>:Train Epoch: 3 [13440/15000 (89%)]	Loss: 0.240840
[1,2]<stdout>:Train Epoch: 3 [13440/15000 (89%)]	Loss: 0.203482
[1,0]<stdout>:Train Epoch: 3 [13440/15000 (89%)]	Loss: 0.331178
[1,0]<stdout>:Train Epoch: 3 [14080/15000 (94%)]	Loss: 0.285739
[1,1]<stdout>:Train Epoch: 3 [14080/15000 (94%)]	Loss: 0.211007
[1,2]<stdout>:Train Epoch: 3 [14080/15000 (94%)]	Loss: 0.406610
[1,3]<stdout>:Train Epoch: 3 [14080/15000 (94%)]	Loss: 0.311016
[1,0]<stdout>:Train Epoch: 3 [14720/15000 (98%)]	Loss: 0.484762
[1,1]<stdout>:Train Epoch: 3 [14720/15000 (98%)]	Loss: 0.252130
[1,3]<stdout>:Train Epoch: 3 [14720/15000 (98%)]	Loss: 0.298458
[1,2]<stdout>:Train Epoch: 3 [14720/15000 (98%)]	Loss: 0.227310
[1,0]<stdout>:
[1,0]<stdout>:Test set: Average loss: 0.0983, Accuracy: 97.00%
[1,0]<stdout>:
[1,0]<stdout>:Train Epoch: 4 [0/15000 (0%)]	Loss: 0.181695
[1,3]<stdout>:Train Epoch: 4 [0/15000 (0%)]	Loss: 0.272538
[1,1]<stdout>:Train Epoch: 4 [0/15000 (0%)]	Loss: 0.195405
[1,2]<stdout>:Train Epoch: 4 [0/15000 (0%)]	Loss: 0.327995
[1,3]<stdout>:Train Epoch: 4 [640/15000 (4%)]	Loss: 0.186881
[1,2]<stdout>:Train Epoch: 4 [640/15000 (4%)]	Loss: 0.165522
[1,1]<stdout>:Train Epoch: 4 [640/15000 (4%)]	Loss: 0.227537
[1,0]<stdout>:Train Epoch: 4 [640/15000 (4%)]	Loss: 0.165790
[1,0]<stdout>:Train Epoch: 4 [1280/15000 (9%)]	Loss: 0.353343
[1,2]<stdout>:Train Epoch: 4 [1280/15000 (9%)]	Loss: 0.235732
[1,3]<stdout>:Train Epoch: 4 [1280/15000 (9%)]	Loss: 0.276080
[1,1]<stdout>:Train Epoch: 4 [1280/15000 (9%)]	Loss: 0.535321
[1,2]<stdout>:Train Epoch: 4 [1920/15000 (13%)]	Loss: 0.137877
[1,3]<stdout>:Train Epoch: 4 [1920/15000 (13%)]	Loss: 0.146999
[1,1]<stdout>:Train Epoch: 4 [1920/15000 (13%)]	Loss: 0.258623
[1,0]<stdout>:Train Epoch: 4 [1920/15000 (13%)]	Loss: 0.249731
[1,2]<stdout>:Train Epoch: 4 [2560/15000 (17%)]	Loss: 0.287131
[1,1]<stdout>:Train Epoch: 4 [2560/15000 (17%)]	Loss: 0.317112
[1,0]<stdout>:Train Epoch: 4 [2560/15000 (17%)]	Loss: 0.278617
[1,3]<stdout>:Train Epoch: 4 [2560/15000 (17%)]	Loss: 0.364590
[1,1]<stdout>:Train Epoch: 4 [3200/15000 (21%)]	Loss: 0.209198
[1,0]<stdout>:Train Epoch: 4 [3200/15000 (21%)]	Loss: 0.275930
[1,2]<stdout>:Train Epoch: 4 [3200/15000 (21%)]	Loss: 0.284620
[1,3]<stdout>:Train Epoch: 4 [3200/15000 (21%)]	Loss: 0.309051
[1,0]<stdout>:Train Epoch: 4 [3840/15000 (26%)]	Loss: 0.213050
[1,2]<stdout>:Train Epoch: 4 [3840/15000 (26%)]	Loss: 0.208373
[1,1]<stdout>:Train Epoch: 4 [3840/15000 (26%)]	Loss: 0.335696
[1,3]<stdout>:Train Epoch: 4 [3840/15000 (26%)]	Loss: 0.253860
[1,0]<stdout>:Train Epoch: 4 [4480/15000 (30%)]	Loss: 0.429041
[1,3]<stdout>:Train Epoch: 4 [4480/15000 (30%)]	Loss: 0.162850
[1,1]<stdout>:Train Epoch: 4 [4480/15000 (30%)]	Loss: 0.303097
[1,2]<stdout>:Train Epoch: 4 [4480/15000 (30%)]	Loss: 0.188963
[1,2]<stdout>:Train Epoch: 4 [5120/15000 (34%)]	Loss: 0.406938
[1,1]<stdout>:Train Epoch: 4 [5120/15000 (34%)]	Loss: 0.441192
[1,3]<stdout>:Train Epoch: 4 [5120/15000 (34%)]	Loss: 0.287398
[1,0]<stdout>:Train Epoch: 4 [5120/15000 (34%)]	Loss: 0.287252
[1,2]<stdout>:Train Epoch: 4 [5760/15000 (38%)]	Loss: 0.321380
[1,0]<stdout>:Train Epoch: 4 [5760/15000 (38%)]	Loss: 0.260303
[1,1]<stdout>:Train Epoch: 4 [5760/15000 (38%)]	Loss: 0.191521
[1,3]<stdout>:Train Epoch: 4 [5760/15000 (38%)]	Loss: 0.137451
[1,0]<stdout>:Train Epoch: 4 [6400/15000 (43%)]	Loss: 0.206395
[1,1]<stdout>:Train Epoch: 4 [6400/15000 (43%)]	Loss: 0.427753
[1,2]<stdout>:Train Epoch: 4 [6400/15000 (43%)]	Loss: 0.268051
[1,3]<stdout>:Train Epoch: 4 [6400/15000 (43%)]	Loss: 0.361972
[1,0]<stdout>:Train Epoch: 4 [7040/15000 (47%)]	Loss: 0.155765
[1,2]<stdout>:Train Epoch: 4 [7040/15000 (47%)]	Loss: 0.249522
[1,3]<stdout>:Train Epoch: 4 [7040/15000 (47%)]	Loss: 0.253467
[1,1]<stdout>:Train Epoch: 4 [7040/15000 (47%)]	Loss: 0.392232
[1,3]<stdout>:Train Epoch: 4 [7680/15000 (51%)]	Loss: 0.431857
[1,0]<stdout>:Train Epoch: 4 [7680/15000 (51%)]	Loss: 0.499083
[1,1]<stdout>:Train Epoch: 4 [7680/15000 (51%)]	Loss: 0.137238
[1,2]<stdout>:Train Epoch: 4 [7680/15000 (51%)]	Loss: 0.095412
[1,0]<stdout>:Train Epoch: 4 [8320/15000 (55%)]	Loss: 0.148618
[1,2]<stdout>:Train Epoch: 4 [8320/15000 (55%)]	Loss: 0.566439
[1,1]<stdout>:Train Epoch: 4 [8320/15000 (55%)]	Loss: 0.195628
[1,3]<stdout>:Train Epoch: 4 [8320/15000 (55%)]	Loss: 0.303705
[1,2]<stdout>:Train Epoch: 4 [8960/15000 (60%)]	Loss: 0.193528
[1,0]<stdout>:Train Epoch: 4 [8960/15000 (60%)]	Loss: 0.198215
[1,3]<stdout>:Train Epoch: 4 [8960/15000 (60%)]	Loss: 0.329866
[1,1]<stdout>:Train Epoch: 4 [8960/15000 (60%)]	Loss: 0.203619
[1,1]<stdout>:Train Epoch: 4 [9600/15000 (64%)]	Loss: 0.137567
[1,3]<stdout>:Train Epoch: 4 [9600/15000 (64%)]	Loss: 0.223369
[1,2]<stdout>:Train Epoch: 4 [9600/15000 (64%)]	Loss: 0.308864
[1,0]<stdout>:Train Epoch: 4 [9600/15000 (64%)]	Loss: 0.163074
[1,2]<stdout>:Train Epoch: 4 [10240/15000 (68%)]	Loss: 0.204482
[1,0]<stdout>:Train Epoch: 4 [10240/15000 (68%)]	Loss: 0.313585
[1,3]<stdout>:Train Epoch: 4 [10240/15000 (68%)]	Loss: 0.231794
[1,1]<stdout>:Train Epoch: 4 [10240/15000 (68%)]	Loss: 0.196186
[1,1]<stdout>:Train Epoch: 4 [10880/15000 (72%)]	Loss: 0.106259
[1,2]<stdout>:Train Epoch: 4 [10880/15000 (72%)]	Loss: 0.322892
[1,3]<stdout>:Train Epoch: 4 [10880/15000 (72%)]	Loss: 0.185190
[1,0]<stdout>:Train Epoch: 4 [10880/15000 (72%)]	Loss: 0.238279
[1,2]<stdout>:Train Epoch: 4 [11520/15000 (77%)]	Loss: 0.155393
[1,1]<stdout>:Train Epoch: 4 [11520/15000 (77%)]	Loss: 0.192364
[1,0]<stdout>:Train Epoch: 4 [11520/15000 (77%)]	Loss: 0.377816
[1,3]<stdout>:Train Epoch: 4 [11520/15000 (77%)]	Loss: 0.200197
[1,1]<stdout>:Train Epoch: 4 [12160/15000 (81%)]	Loss: 0.229298
[1,3]<stdout>:Train Epoch: 4 [12160/15000 (81%)]	Loss: 0.248915
[1,0]<stdout>:Train Epoch: 4 [12160/15000 (81%)]	Loss: 0.265645
[1,2]<stdout>:Train Epoch: 4 [12160/15000 (81%)]	Loss: 0.180080
[1,1]<stdout>:Train Epoch: 4 [12800/15000 (85%)]	Loss: 0.165362
[1,3]<stdout>:Train Epoch: 4 [12800/15000 (85%)]	Loss: 0.368863
[1,0]<stdout>:Train Epoch: 4 [12800/15000 (85%)]	Loss: 0.218169
[1,2]<stdout>:Train Epoch: 4 [12800/15000 (85%)]	Loss: 0.309360
[1,3]<stdout>:Train Epoch: 4 [13440/15000 (89%)]	Loss: 0.442802
[1,2]<stdout>:Train Epoch: 4 [13440/15000 (89%)]	Loss: 0.193832
[1,1]<stdout>:Train Epoch: 4 [13440/15000 (89%)]	Loss: 0.266510
[1,0]<stdout>:Train Epoch: 4 [13440/15000 (89%)]	Loss: 0.302293
[1,1]<stdout>:Train Epoch: 4 [14080/15000 (94%)]	Loss: 0.269418
[1,3]<stdout>:Train Epoch: 4 [14080/15000 (94%)]	Loss: 0.113690
[1,0]<stdout>:Train Epoch: 4 [14080/15000 (94%)]	Loss: 0.299852
[1,2]<stdout>:Train Epoch: 4 [14080/15000 (94%)]	Loss: 0.219766
[1,3]<stdout>:Train Epoch: 4 [14720/15000 (98%)]	Loss: 0.282675
[1,1]<stdout>:Train Epoch: 4 [14720/15000 (98%)]	Loss: 0.596431
[1,0]<stdout>:Train Epoch: 4 [14720/15000 (98%)]	Loss: 0.073634
[1,2]<stdout>:Train Epoch: 4 [14720/15000 (98%)]	Loss: 0.197339
[1,0]<stdout>:
[1,0]<stdout>:Test set: Average loss: 0.0903, Accuracy: 97.14%
[1,0]<stdout>:
[1,1]<stdout>:Train Epoch: 5 [0/15000 (0%)]	Loss: 0.177486
[1,2]<stdout>:Train Epoch: 5 [0/15000 (0%)]	Loss: 0.148345
[1,3]<stdout>:Train Epoch: 5 [0/15000 (0%)]	Loss: 0.259303
[1,0]<stdout>:Train Epoch: 5 [0/15000 (0%)]	Loss: 0.314899
[1,3]<stdout>:Train Epoch: 5 [640/15000 (4%)]	Loss: 0.196274
[1,0]<stdout>:Train Epoch: 5 [640/15000 (4%)]	Loss: 0.381397
[1,2]<stdout>:Train Epoch: 5 [640/15000 (4%)]	Loss: 0.227584
[1,1]<stdout>:Train Epoch: 5 [640/15000 (4%)]	Loss: 0.349484
[1,0]<stdout>:Train Epoch: 5 [1280/15000 (9%)]	Loss: 0.451797
[1,3]<stdout>:Train Epoch: 5 [1280/15000 (9%)]	Loss: 0.345191
[1,1]<stdout>:Train Epoch: 5 [1280/15000 (9%)]	Loss: 0.267817
[1,2]<stdout>:Train Epoch: 5 [1280/15000 (9%)]	Loss: 0.262357
[1,0]<stdout>:Train Epoch: 5 [1920/15000 (13%)]	Loss: 0.177571
[1,1]<stdout>:Train Epoch: 5 [1920/15000 (13%)]	Loss: 0.325658
[1,2]<stdout>:Train Epoch: 5 [1920/15000 (13%)]	Loss: 0.212647
[1,3]<stdout>:Train Epoch: 5 [1920/15000 (13%)]	Loss: 0.304572
[1,1]<stdout>:Train Epoch: 5 [2560/15000 (17%)]	Loss: 0.231365
[1,3]<stdout>:Train Epoch: 5 [2560/15000 (17%)]	Loss: 0.318312
[1,2]<stdout>:Train Epoch: 5 [2560/15000 (17%)]	Loss: 0.158670
[1,0]<stdout>:Train Epoch: 5 [2560/15000 (17%)]	Loss: 0.158461
[1,1]<stdout>:Train Epoch: 5 [3200/15000 (21%)]	Loss: 0.163658
[1,3]<stdout>:Train Epoch: 5 [3200/15000 (21%)]	Loss: 0.140796
[1,0]<stdout>:Train Epoch: 5 [3200/15000 (21%)]	Loss: 0.143413
[1,2]<stdout>:Train Epoch: 5 [3200/15000 (21%)]	Loss: 0.356097
[1,3]<stdout>:Train Epoch: 5 [3840/15000 (26%)]	Loss: 0.363204
[1,0]<stdout>:Train Epoch: 5 [3840/15000 (26%)]	Loss: 0.137020
[1,2]<stdout>:Train Epoch: 5 [3840/15000 (26%)]	Loss: 0.234018
[1,1]<stdout>:Train Epoch: 5 [3840/15000 (26%)]	Loss: 0.367092
[1,3]<stdout>:Train Epoch: 5 [4480/15000 (30%)]	Loss: 0.065416
[1,0]<stdout>:Train Epoch: 5 [4480/15000 (30%)]	Loss: 0.172192
[1,1]<stdout>:Train Epoch: 5 [4480/15000 (30%)]	Loss: 0.176911
[1,2]<stdout>:Train Epoch: 5 [4480/15000 (30%)]	Loss: 0.076450
[1,0]<stdout>:Train Epoch: 5 [5120/15000 (34%)]	Loss: 0.229921
[1,3]<stdout>:Train Epoch: 5 [5120/15000 (34%)]	Loss: 0.193732
[1,1]<stdout>:Train Epoch: 5 [5120/15000 (34%)]	Loss: 0.150323
[1,2]<stdout>:Train Epoch: 5 [5120/15000 (34%)]	Loss: 0.193931
[1,1]<stdout>:Train Epoch: 5 [5760/15000 (38%)]	Loss: 0.150163
[1,2]<stdout>:Train Epoch: 5 [5760/15000 (38%)]	Loss: 0.365536
[1,0]<stdout>:Train Epoch: 5 [5760/15000 (38%)]	Loss: 0.246329
[1,3]<stdout>:Train Epoch: 5 [5760/15000 (38%)]	Loss: 0.255045
[1,0]<stdout>:Train Epoch: 5 [6400/15000 (43%)]	Loss: 0.291384
[1,2]<stdout>:Train Epoch: 5 [6400/15000 (43%)]	Loss: 0.200858
[1,3]<stdout>:Train Epoch: 5 [6400/15000 (43%)]	Loss: 0.316486
[1,1]<stdout>:Train Epoch: 5 [6400/15000 (43%)]	Loss: 0.268476
[1,2]<stdout>:Train Epoch: 5 [7040/15000 (47%)]	Loss: 0.141774
[1,3]<stdout>:Train Epoch: 5 [7040/15000 (47%)]	Loss: 0.319809
[1,1]<stdout>:Train Epoch: 5 [7040/15000 (47%)]	Loss: 0.181281
[1,0]<stdout>:Train Epoch: 5 [7040/15000 (47%)]	Loss: 0.187304
[1,0]<stdout>:Train Epoch: 5 [7680/15000 (51%)]	Loss: 0.156935
[1,2]<stdout>:Train Epoch: 5 [7680/15000 (51%)]	Loss: 0.302012
[1,1]<stdout>:Train Epoch: 5 [7680/15000 (51%)]	Loss: 0.326488
[1,3]<stdout>:Train Epoch: 5 [7680/15000 (51%)]	Loss: 0.216910
[1,1]<stdout>:Train Epoch: 5 [8320/15000 (55%)]	Loss: 0.146732
[1,0]<stdout>:Train Epoch: 5 [8320/15000 (55%)]	Loss: 0.405851
[1,2]<stdout>:Train Epoch: 5 [8320/15000 (55%)]	Loss: 0.144736
[1,3]<stdout>:Train Epoch: 5 [8320/15000 (55%)]	Loss: 0.320062
[1,3]<stdout>:Train Epoch: 5 [8960/15000 (60%)]	Loss: 0.317607
[1,1]<stdout>:Train Epoch: 5 [8960/15000 (60%)]	Loss: 0.075348
[1,0]<stdout>:Train Epoch: 5 [8960/15000 (60%)]	Loss: 0.288408
[1,2]<stdout>:Train Epoch: 5 [8960/15000 (60%)]	Loss: 0.203129
[1,2]<stdout>:Train Epoch: 5 [9600/15000 (64%)]	Loss: 0.185304
[1,1]<stdout>:Train Epoch: 5 [9600/15000 (64%)]	Loss: 0.507699
[1,0]<stdout>:Train Epoch: 5 [9600/15000 (64%)]	Loss: 0.190772
[1,3]<stdout>:Train Epoch: 5 [9600/15000 (64%)]	Loss: 0.347501
[1,2]<stdout>:Train Epoch: 5 [10240/15000 (68%)]	Loss: 0.256973
[1,1]<stdout>:Train Epoch: 5 [10240/15000 (68%)]	Loss: 0.261241
[1,0]<stdout>:Train Epoch: 5 [10240/15000 (68%)]	Loss: 0.378348
[1,3]<stdout>:Train Epoch: 5 [10240/15000 (68%)]	Loss: 0.467021
[1,2]<stdout>:Train Epoch: 5 [10880/15000 (72%)]	Loss: 0.242629
[1,1]<stdout>:Train Epoch: 5 [10880/15000 (72%)]	Loss: 0.261226
[1,0]<stdout>:Train Epoch: 5 [10880/15000 (72%)]	Loss: 0.238863
[1,3]<stdout>:Train Epoch: 5 [10880/15000 (72%)]	Loss: 0.370204
[1,0]<stdout>:Train Epoch: 5 [11520/15000 (77%)]	Loss: 0.215835
[1,1]<stdout>:Train Epoch: 5 [11520/15000 (77%)]	Loss: 0.193462
[1,2]<stdout>:Train Epoch: 5 [11520/15000 (77%)]	Loss: 0.118143
[1,3]<stdout>:Train Epoch: 5 [11520/15000 (77%)]	Loss: 0.248585
[1,1]<stdout>:Train Epoch: 5 [12160/15000 (81%)]	Loss: 0.127984
[1,3]<stdout>:Train Epoch: 5 [12160/15000 (81%)]	Loss: 0.156053
[1,0]<stdout>:Train Epoch: 5 [12160/15000 (81%)]	Loss: 0.350636
[1,2]<stdout>:Train Epoch: 5 [12160/15000 (81%)]	Loss: 0.210173
[1,0]<stdout>:Train Epoch: 5 [12800/15000 (85%)]	Loss: 0.214972
[1,3]<stdout>:Train Epoch: 5 [12800/15000 (85%)]	Loss: 0.343552
[1,2]<stdout>:Train Epoch: 5 [12800/15000 (85%)]	Loss: 0.228850
[1,1]<stdout>:Train Epoch: 5 [12800/15000 (85%)]	Loss: 0.229500
[1,2]<stdout>:Train Epoch: 5 [13440/15000 (89%)]	Loss: 0.391008
[1,3]<stdout>:Train Epoch: 5 [13440/15000 (89%)]	Loss: 0.376380
[1,1]<stdout>:Train Epoch: 5 [13440/15000 (89%)]	Loss: 0.174934
[1,0]<stdout>:Train Epoch: 5 [13440/15000 (89%)]	Loss: 0.153726
[1,2]<stdout>:Train Epoch: 5 [14080/15000 (94%)]	Loss: 0.111606
[1,1]<stdout>:Train Epoch: 5 [14080/15000 (94%)]	Loss: 0.285327
[1,0]<stdout>:Train Epoch: 5 [14080/15000 (94%)]	Loss: 0.119763
[1,3]<stdout>:Train Epoch: 5 [14080/15000 (94%)]	Loss: 0.195648
[1,1]<stdout>:Train Epoch: 5 [14720/15000 (98%)]	Loss: 0.207193
[1,0]<stdout>:Train Epoch: 5 [14720/15000 (98%)]	Loss: 0.213581
[1,3]<stdout>:Train Epoch: 5 [14720/15000 (98%)]	Loss: 0.097746
[1,2]<stdout>:Train Epoch: 5 [14720/15000 (98%)]	Loss: 0.207214
[1,0]<stdout>:
[1,0]<stdout>:Test set: Average loss: 0.0804, Accuracy: 97.44%
[1,0]<stdout>:
[1,2]<stdout>:Train Epoch: 6 [0/15000 (0%)]	Loss: 0.129263
[1,3]<stdout>:Train Epoch: 6 [0/15000 (0%)]	Loss: 0.225458
[1,1]<stdout>:Train Epoch: 6 [0/15000 (0%)]	Loss: 0.238232
[1,0]<stdout>:Train Epoch: 6 [0/15000 (0%)]	Loss: 0.177656
[1,0]<stdout>:Train Epoch: 6 [640/15000 (4%)]	Loss: 0.225114
[1,2]<stdout>:Train Epoch: 6 [640/15000 (4%)]	Loss: 0.290761
[1,1]<stdout>:Train Epoch: 6 [640/15000 (4%)]	Loss: 0.181076
[1,3]<stdout>:Train Epoch: 6 [640/15000 (4%)]	Loss: 0.168335
[1,2]<stdout>:Train Epoch: 6 [1280/15000 (9%)]	Loss: 0.205217
[1,1]<stdout>:Train Epoch: 6 [1280/15000 (9%)]	Loss: 0.344120
[1,0]<stdout>:Train Epoch: 6 [1280/15000 (9%)]	Loss: 0.142145
[1,3]<stdout>:Train Epoch: 6 [1280/15000 (9%)]	Loss: 0.307994
[1,0]<stdout>:Train Epoch: 6 [1920/15000 (13%)]	Loss: 0.205609
[1,3]<stdout>:Train Epoch: 6 [1920/15000 (13%)]	Loss: 0.343636
[1,2]<stdout>:Train Epoch: 6 [1920/15000 (13%)]	Loss: 0.197804
[1,1]<stdout>:Train Epoch: 6 [1920/15000 (13%)]	Loss: 0.161791
[1,0]<stdout>:Train Epoch: 6 [2560/15000 (17%)]	Loss: 0.333500
[1,1]<stdout>:Train Epoch: 6 [2560/15000 (17%)]	Loss: 0.212240
[1,2]<stdout>:Train Epoch: 6 [2560/15000 (17%)]	Loss: 0.180011
[1,3]<stdout>:Train Epoch: 6 [2560/15000 (17%)]	Loss: 0.158262
[1,0]<stdout>:Train Epoch: 6 [3200/15000 (21%)]	Loss: 0.316115
[1,3]<stdout>:Train Epoch: 6 [3200/15000 (21%)]	Loss: 0.195155
[1,1]<stdout>:Train Epoch: 6 [3200/15000 (21%)]	Loss: 0.348294
[1,2]<stdout>:Train Epoch: 6 [3200/15000 (21%)]	Loss: 0.325030
[1,2]<stdout>:Train Epoch: 6 [3840/15000 (26%)]	Loss: 0.122919
[1,1]<stdout>:Train Epoch: 6 [3840/15000 (26%)]	Loss: 0.316050
[1,0]<stdout>:Train Epoch: 6 [3840/15000 (26%)]	Loss: 0.239196
[1,3]<stdout>:Train Epoch: 6 [3840/15000 (26%)]	Loss: 0.139517
[1,3]<stdout>:Train Epoch: 6 [4480/15000 (30%)]	Loss: 0.096930
[1,2]<stdout>:Train Epoch: 6 [4480/15000 (30%)]	Loss: 0.204683
[1,0]<stdout>:Train Epoch: 6 [4480/15000 (30%)]	Loss: 0.244270
[1,1]<stdout>:Train Epoch: 6 [4480/15000 (30%)]	Loss: 0.170484
[1,0]<stdout>:Train Epoch: 6 [5120/15000 (34%)]	Loss: 0.329274
[1,2]<stdout>:Train Epoch: 6 [5120/15000 (34%)]	Loss: 0.191827
[1,3]<stdout>:Train Epoch: 6 [5120/15000 (34%)]	Loss: 0.136151
[1,1]<stdout>:Train Epoch: 6 [5120/15000 (34%)]	Loss: 0.129473
[1,3]<stdout>:Train Epoch: 6 [5760/15000 (38%)]	Loss: 0.514298
[1,2]<stdout>:Train Epoch: 6 [5760/15000 (38%)]	Loss: 0.133762
[1,1]<stdout>:Train Epoch: 6 [5760/15000 (38%)]	Loss: 0.185928
[1,0]<stdout>:Train Epoch: 6 [5760/15000 (38%)]	Loss: 0.305447
[1,0]<stdout>:Train Epoch: 6 [6400/15000 (43%)]	Loss: 0.204589
[1,1]<stdout>:Train Epoch: 6 [6400/15000 (43%)]	Loss: 0.328713
[1,2]<stdout>:Train Epoch: 6 [6400/15000 (43%)]	Loss: 0.234214
[1,3]<stdout>:Train Epoch: 6 [6400/15000 (43%)]	Loss: 0.302230
[1,1]<stdout>:Train Epoch: 6 [7040/15000 (47%)]	Loss: 0.199111
[1,3]<stdout>:Train Epoch: 6 [7040/15000 (47%)]	Loss: 0.091743
[1,2]<stdout>:Train Epoch: 6 [7040/15000 (47%)]	Loss: 0.263291
[1,0]<stdout>:Train Epoch: 6 [7040/15000 (47%)]	Loss: 0.182699
[1,2]<stdout>:Train Epoch: 6 [7680/15000 (51%)]	Loss: 0.169748
[1,1]<stdout>:Train Epoch: 6 [7680/15000 (51%)]	Loss: 0.154483
[1,0]<stdout>:Train Epoch: 6 [7680/15000 (51%)]	Loss: 0.311491
[1,3]<stdout>:Train Epoch: 6 [7680/15000 (51%)]	Loss: 0.295861
[1,1]<stdout>:Train Epoch: 6 [8320/15000 (55%)]	Loss: 0.152904
[1,2]<stdout>:Train Epoch: 6 [8320/15000 (55%)]	Loss: 0.130703
[1,0]<stdout>:Train Epoch: 6 [8320/15000 (55%)]	Loss: 0.237904
[1,3]<stdout>:Train Epoch: 6 [8320/15000 (55%)]	Loss: 0.106305
[1,3]<stdout>:Train Epoch: 6 [8960/15000 (60%)]	Loss: 0.145396
[1,2]<stdout>:Train Epoch: 6 [8960/15000 (60%)]	Loss: 0.215887
[1,1]<stdout>:Train Epoch: 6 [8960/15000 (60%)]	Loss: 0.222360
[1,0]<stdout>:Train Epoch: 6 [8960/15000 (60%)]	Loss: 0.188921
[1,2]<stdout>:Train Epoch: 6 [9600/15000 (64%)]	Loss: 0.120166
[1,3]<stdout>:Train Epoch: 6 [9600/15000 (64%)]	Loss: 0.211536
[1,1]<stdout>:Train Epoch: 6 [9600/15000 (64%)]	Loss: 0.141743
[1,0]<stdout>:Train Epoch: 6 [9600/15000 (64%)]	Loss: 0.126858
[1,1]<stdout>:Train Epoch: 6 [10240/15000 (68%)]	Loss: 0.213732
[1,0]<stdout>:Train Epoch: 6 [10240/15000 (68%)]	Loss: 0.444449
[1,2]<stdout>:Train Epoch: 6 [10240/15000 (68%)]	Loss: 0.268254
[1,3]<stdout>:Train Epoch: 6 [10240/15000 (68%)]	Loss: 0.376322
[1,0]<stdout>:Train Epoch: 6 [10880/15000 (72%)]	Loss: 0.252323
[1,1]<stdout>:Train Epoch: 6 [10880/15000 (72%)]	Loss: 0.160417
[1,3]<stdout>:Train Epoch: 6 [10880/15000 (72%)]	Loss: 0.146273
[1,2]<stdout>:Train Epoch: 6 [10880/15000 (72%)]	Loss: 0.325575
[1,1]<stdout>:Train Epoch: 6 [11520/15000 (77%)]	Loss: 0.178440
[1,2]<stdout>:Train Epoch: 6 [11520/15000 (77%)]	Loss: 0.285599
[1,0]<stdout>:Train Epoch: 6 [11520/15000 (77%)]	Loss: 0.191785
[1,3]<stdout>:Train Epoch: 6 [11520/15000 (77%)]	Loss: 0.185242
[1,2]<stdout>:Train Epoch: 6 [12160/15000 (81%)]	Loss: 0.209956
[1,1]<stdout>:Train Epoch: 6 [12160/15000 (81%)]	Loss: 0.109769
[1,0]<stdout>:Train Epoch: 6 [12160/15000 (81%)]	Loss: 0.089323
[1,3]<stdout>:Train Epoch: 6 [12160/15000 (81%)]	Loss: 0.158667
[1,0]<stdout>:Train Epoch: 6 [12800/15000 (85%)]	Loss: 0.199072
[1,1]<stdout>:Train Epoch: 6 [12800/15000 (85%)]	Loss: 0.245266
[1,3]<stdout>:Train Epoch: 6 [12800/15000 (85%)]	Loss: 0.191736
[1,2]<stdout>:Train Epoch: 6 [12800/15000 (85%)]	Loss: 0.173404
[1,3]<stdout>:Train Epoch: 6 [13440/15000 (89%)]	Loss: 0.265935
[1,2]<stdout>:Train Epoch: 6 [13440/15000 (89%)]	Loss: 0.303123
[1,0]<stdout>:Train Epoch: 6 [13440/15000 (89%)]	[1,0]<stdout>:Loss: 0.185027
[1,1]<stdout>:Train Epoch: 6 [13440/15000 (89%)]	Loss: 0.251462
[1,2]<stdout>:Train Epoch: 6 [14080/15000 (94%)]	Loss: 0.192112
[1,1]<stdout>:Train Epoch: 6 [14080/15000 (94%)]	Loss: 0.217334
[1,3]<stdout>:Train Epoch: 6 [14080/15000 (94%)]	Loss: 0.321859
[1,0]<stdout>:Train Epoch: 6 [14080/15000 (94%)]	Loss: 0.184969
[1,1]<stdout>:Train Epoch: 6 [14720/15000 (98%)]	Loss: 0.248298
[1,0]<stdout>:Train Epoch: 6 [14720/15000 (98%)]	Loss: 0.348637
[1,2]<stdout>:Train Epoch: 6 [14720/15000 (98%)]	Loss: 0.106657
[1,3]<stdout>:Train Epoch: 6 [14720/15000 (98%)]	Loss: 0.125801
[1,0]<stdout>:
[1,0]<stdout>:Test set: Average loss: 0.0718, Accuracy: 97.73%
[1,0]<stdout>:
[1,3]<stdout>:Train Epoch: 7 [0/15000 (0%)]	Loss: 0.181042
[1,1]<stdout>:Train Epoch: 7 [0/15000 (0%)]	Loss: 0.183009
[1,2]<stdout>:Train Epoch: 7 [0/15000 (0%)]	Loss: 0.160704
[1,0]<stdout>:Train Epoch: 7 [0/15000 (0%)]	Loss: 0.250373
[1,3]<stdout>:Train Epoch: 7 [640/15000 (4%)]	Loss: 0.261156
[1,0]<stdout>:Train Epoch: 7 [640/15000 (4%)]	Loss: 0.174499
[1,1]<stdout>:Train Epoch: 7 [640/15000 (4%)]	Loss: 0.223891
[1,2]<stdout>:Train Epoch: 7 [640/15000 (4%)]	Loss: 0.058371
[1,0]<stdout>:Train Epoch: 7 [1280/15000 (9%)]	Loss: 0.140287
[1,2]<stdout>:Train Epoch: 7 [1280/15000 (9%)]	Loss: 0.107561
[1,3]<stdout>:Train Epoch: 7 [1280/15000 (9%)]	Loss: 0.230576
[1,1]<stdout>:Train Epoch: 7 [1280/15000 (9%)]	Loss: 0.172647
[1,3]<stdout>:Train Epoch: 7 [1920/15000 (13%)]	Loss: 0.095217
[1,0]<stdout>:Train Epoch: 7 [1920/15000 (13%)]	Loss: 0.318093
[1,1]<stdout>:Train Epoch: 7 [1920/15000 (13%)]	Loss: 0.253901
[1,2]<stdout>:Train Epoch: 7 [1920/15000 (13%)]	Loss: 0.363209
[1,3]<stdout>:Train Epoch: 7 [2560/15000 (17%)]	Loss: 0.262392
[1,2]<stdout>:Train Epoch: 7 [2560/15000 (17%)]	Loss: 0.224006
[1,1]<stdout>:Train Epoch: 7 [2560/15000 (17%)]	Loss: 0.337796
[1,0]<stdout>:Train Epoch: 7 [2560/15000 (17%)]	Loss: 0.198236
[1,2]<stdout>:Train Epoch: 7 [3200/15000 (21%)]	Loss: 0.149634
[1,3]<stdout>:Train Epoch: 7 [3200/15000 (21%)]	Loss: 0.109990
[1,1]<stdout>:Train Epoch: 7 [3200/15000 (21%)]	Loss: 0.123705
[1,0]<stdout>:Train Epoch: 7 [3200/15000 (21%)]	Loss: 0.208500
[1,2]<stdout>:Train Epoch: 7 [3840/15000 (26%)]	Loss: 0.044614
[1,1]<stdout>:Train Epoch: 7 [3840/15000 (26%)]	Loss: 0.216490
[1,3]<stdout>:Train Epoch: 7 [3840/15000 (26%)]	Loss: 0.306676
[1,0]<stdout>:Train Epoch: 7 [3840/15000 (26%)]	Loss: 0.198130
[1,3]<stdout>:Train Epoch: 7 [4480/15000 (30%)]	Loss: 0.144072
[1,1]<stdout>:Train Epoch: 7 [4480/15000 (30%)]	Loss: 0.356589
[1,0]<stdout>:Train Epoch: 7 [4480/15000 (30%)]	Loss: 0.148243
[1,2]<stdout>:Train Epoch: 7 [4480/15000 (30%)]	Loss: 0.264242
[1,2]<stdout>:Train Epoch: 7 [5120/15000 (34%)]	Loss: 0.273218
[1,0]<stdout>:Train Epoch: 7 [5120/15000 (34%)]	Loss: 0.060193
[1,1]<stdout>:Train Epoch: 7 [5120/15000 (34%)]	Loss: 0.152997
[1,3]<stdout>:Train Epoch: 7 [5120/15000 (34%)]	Loss: 0.153451
[1,0]<stdout>:Train Epoch: 7 [5760/15000 (38%)]	Loss: 0.378965
[1,3]<stdout>:Train Epoch: 7 [5760/15000 (38%)]	Loss: 0.235494
[1,1]<stdout>:Train Epoch: 7 [5760/15000 (38%)]	Loss: 0.429517
[1,2]<stdout>:Train Epoch: 7 [5760/15000 (38%)]	Loss: 0.280520
[1,1]<stdout>:Train Epoch: 7 [6400/15000 (43%)]	Loss: 0.089561
[1,0]<stdout>:Train Epoch: 7 [6400/15000 (43%)]	Loss: 0.150706
[1,2]<stdout>:Train Epoch: 7 [6400/15000 (43%)]	Loss: 0.603351
[1,3]<stdout>:Train Epoch: 7 [6400/15000 (43%)]	Loss: 0.253413
[1,2]<stdout>:Train Epoch: 7 [7040/15000 (47%)]	Loss: 0.156065
[1,0]<stdout>:Train Epoch: 7 [7040/15000 (47%)]	Loss: 0.163173
[1,3]<stdout>:Train Epoch: 7 [7040/15000 (47%)]	Loss: 0.294922
[1,1]<stdout>:Train Epoch: 7 [7040/15000 (47%)]	Loss: 0.327237
[1,2]<stdout>:Train Epoch: 7 [7680/15000 (51%)]	Loss: 0.084691
[1,0]<stdout>:Train Epoch: 7 [7680/15000 (51%)]	Loss: 0.240638
[1,1]<stdout>:Train Epoch: 7 [7680/15000 (51%)]	Loss: 0.225905
[1,3]<stdout>:Train Epoch: 7 [7680/15000 (51%)]	Loss: 0.192542
[1,2]<stdout>:Train Epoch: 7 [8320/15000 (55%)]	Loss: 0.354761
[1,0]<stdout>:Train Epoch: 7 [8320/15000 (55%)]	Loss: 0.269052
[1,1]<stdout>:Train Epoch: 7 [8320/15000 (55%)]	Loss: 0.081723
[1,3]<stdout>:Train Epoch: 7 [8320/15000 (55%)]	Loss: 0.361648
[1,2]<stdout>:Train Epoch: 7 [8960/15000 (60%)]	Loss: 0.299041
[1,0]<stdout>:Train Epoch: 7 [8960/15000 (60%)]	Loss: 0.075863
[1,1]<stdout>:Train Epoch: 7 [8960/15000 (60%)]	Loss: 0.251388
[1,3]<stdout>:Train Epoch: 7 [8960/15000 (60%)]	Loss: 0.136906
[1,0]<stdout>:Train Epoch: 7 [9600/15000 (64%)]	Loss: 0.211683
[1,2]<stdout>:Train Epoch: 7 [9600/15000 (64%)]	Loss: 0.398433
[1,3]<stdout>:Train Epoch: 7 [9600/15000 (64%)]	Loss: 0.153131
[1,1]<stdout>:Train Epoch: 7 [9600/15000 (64%)]	Loss: 0.144913
[1,2]<stdout>:Train Epoch: 7 [10240/15000 (68%)]	Loss: 0.234955
[1,1]<stdout>:Train Epoch: 7 [10240/15000 (68%)]	Loss: 0.293936
[1,3]<stdout>:Train Epoch: 7 [10240/15000 (68%)]	Loss: 0.249569
[1,0]<stdout>:Train Epoch: 7 [10240/15000 (68%)]	Loss: 0.398282
[1,2]<stdout>:Train Epoch: 7 [10880/15000 (72%)]	Loss: 0.170934
[1,1]<stdout>:Train Epoch: 7 [10880/15000 (72%)]	Loss: 0.189510
[1,0]<stdout>:Train Epoch: 7 [10880/15000 (72%)]	Loss: 0.218657
[1,3]<stdout>:Train Epoch: 7 [10880/15000 (72%)]	Loss: 0.195697
[1,1]<stdout>:Train Epoch: 7 [11520/15000 (77%)]	Loss: 0.214633
[1,2]<stdout>:Train Epoch: 7 [11520/15000 (77%)]	Loss: 0.217191
[1,0]<stdout>:Train Epoch: 7 [11520/15000 (77%)]	Loss: 0.208489
[1,3]<stdout>:Train Epoch: 7 [11520/15000 (77%)]	Loss: 0.113797
[1,2]<stdout>:Train Epoch: 7 [12160/15000 (81%)]	Loss: 0.360785
[1,3]<stdout>:Train Epoch: 7 [12160/15000 (81%)]	Loss: 0.305134
[1,1]<stdout>:Train Epoch: 7 [12160/15000 (81%)]	Loss: 0.291005
[1,0]<stdout>:Train Epoch: 7 [12160/15000 (81%)]	Loss: 0.179119
[1,2]<stdout>:Train Epoch: 7 [12800/15000 (85%)]	Loss: 0.162450
[1,1]<stdout>:Train Epoch: 7 [12800/15000 (85%)]	Loss: 0.261867
[1,0]<stdout>:Train Epoch: 7 [12800/15000 (85%)]	Loss: 0.246611
[1,3]<stdout>:Train Epoch: 7 [12800/15000 (85%)]	Loss: 0.164449
[1,1]<stdout>:Train Epoch: 7 [13440/15000 (89%)]	Loss: 0.157811
[1,3]<stdout>:Train Epoch: 7 [13440/15000 (89%)]	Loss: 0.199344
[1,0]<stdout>:Train Epoch: 7 [13440/15000 (89%)]	Loss: 0.169942
[1,2]<stdout>:Train Epoch: 7 [13440/15000 (89%)]	Loss: 0.085672
[1,2]<stdout>:Train Epoch: 7 [14080/15000 (94%)]	Loss: 0.185180
[1,1]<stdout>:Train Epoch: 7 [14080/15000 (94%)]	Loss: 0.134881
[1,0]<stdout>:Train Epoch: 7 [14080/15000 (94%)]	Loss: 0.163675
[1,3]<stdout>:Train Epoch: 7 [14080/15000 (94%)]	Loss: 0.224728
[1,2]<stdout>:Train Epoch: 7 [14720/15000 (98%)]	Loss: 0.096322
[1,1]<stdout>:Train Epoch: 7 [14720/15000 (98%)]	Loss: 0.188706
[1,3]<stdout>:Train Epoch: 7 [14720/15000 (98%)]	Loss: 0.116993
[1,0]<stdout>:Train Epoch: 7 [14720/15000 (98%)]	Loss: 0.147518
[1,0]<stdout>:
[1,0]<stdout>:Test set: Average loss: 0.0654, Accuracy: 97.99%
[1,0]<stdout>:
[1,0]<stdout>:Train Epoch: 8 [0/15000 (0%)]	Loss: 0.127557
[1,2]<stdout>:Train Epoch: 8 [0/15000 (0%)]	Loss: 0.032778
[1,3]<stdout>:Train Epoch: 8 [0/15000 (0%)]	Loss: 0.065508
[1,1]<stdout>:Train Epoch: 8 [0/15000 (0%)]	Loss: 0.182292
[1,2]<stdout>:Train Epoch: 8 [640/15000 (4%)]	Loss: 0.229639
[1,1]<stdout>:Train Epoch: 8 [640/15000 (4%)]	Loss: 0.108520
[1,3]<stdout>:Train Epoch: 8 [640/15000 (4%)]	Loss: 0.175087
[1,0]<stdout>:Train Epoch: 8 [640/15000 (4%)]	Loss: 0.121782
[1,2]<stdout>:Train Epoch: 8 [1280/15000 (9%)]	Loss: 0.122603
[1,0]<stdout>:Train Epoch: 8 [1280/15000 (9%)]	Loss: 0.310006
[1,3]<stdout>:Train Epoch: 8 [1280/15000 (9%)]	Loss: 0.187173
[1,1]<stdout>:Train Epoch: 8 [1280/15000 (9%)]	Loss: 0.257736
[1,2]<stdout>:Train Epoch: 8 [1920/15000 (13%)]	Loss: 0.242023
[1,0]<stdout>:Train Epoch: 8 [1920/15000 (13%)]	Loss: 0.170155
